// Jest Snapshot v1, https://goo.gl/fbAQLP

exports[`Pond should allow testing async fishes using snapshot tests 1`] = `
Object {
  "effects": Array [
    "GET request to http://localhost:8080/ipfs/QmP1q9NDoYaV5p7EfbELK6FS9DYx629jFD14KWF65RQSmQ",
    "log undefined {\\"value\\":{\\"a\\":1},\\"_tag\\":\\"Right\\"}",
    "ipfs.dag.put()=015abd7f5cc57a2dd94b7590f04ad8084273905ee33ec5cebeae62276a97f862",
    "log undefined {\\"value\\":\\"015abd7f5cc57a2dd94b7590f04ad8084273905ee33ec5cebeae62276a97f862\\",\\"_tag\\":\\"Right\\"}",
  ],
  "result": Array [
    Object {
      "hash": "015abd7f5cc57a2dd94b7590f04ad8084273905ee33ec5cebeae62276a97f862",
      "type": "imported",
      "url": "http://localhost:8080/ipfs/QmP1q9NDoYaV5p7EfbELK6FS9DYx629jFD14KWF65RQSmQ",
    },
  ],
}
`;
